FirstName                                          LastName
-------------------------------------------------- --------------------------------------------------
Jesse                                              Adams
Alyssa                                             Alexander
Cassidy                                            Alexander
Jessica                                            Alexander
Melissa                                            Alexander
Jesse                                              Allen
Jessie                                             Alonso
Jessie                                             Alvarez
Ross                                               Alvarez
Cassie                                             Anand
Russell                                            Anand
Cassie                                             Andersen
Russell                                            Andersen
Jessica                                            Anderson
Cassandra                                          Arthur
Ross                                               Arun
Alyssa                                             Ashe
Alyssa                                             Bailey
Jesse                                              Bailey
Jessica                                            Bailey
Melissa                                            Bailey
Jesse                                              Baker
Alyssa                                             Barnes
Cassidy                                            Barnes
Jessica                                            Barnes
Marissa                                            Barnes
Melissa                                            Barnes
Vanessa                                            Barnes
Jesse                                              Bell
Jessica                                            Bell
Cassidy                                            Bennett
Jessica                                            Bennett
Marissa                                            Bennett
Melissa                                            Bennett
Russell                                            Black
Jessie                                             Blanco
Ross                                               Blanco
Melissa                                            Blue
Alyssa                                             Bradley
Alyssa                                             Brooks
Jesse                                              Brooks
Jessica                                            Brooks
Melissa                                            Brooks
Alyssa                                             Brown
Jessica                                            Brown
Alyssa                                             Bryant
Cassidy                                            Bryant
Jessica                                            Bryant
Marissa                                            Bryant
Melissa                                            Bryant
Vanessa                                            Bryant
Alyssa                                             Butler
Cassidy                                            Butler
Jessica                                            Butler
Marissa                                            Butler
Melissa                                            Butler
Vanessa                                            Butler
Jessie                                             Cai
Jesse                                              Campbell
Jessie                                             Carlson
Ross                                               Carlson
Russell                                            Carson
Jesse                                              Carter
Cassie                                             Chande
Cassie                                             Chander
Russell                                            Chander
Cassandra                                          Chandra
Jessie                                             Chen
Alyssa                                             Clark
Jessica                                            Clark
Alyssa                                             Coleman
Cassidy                                            Coleman
Jessica                                            Coleman
Marissa                                            Coleman
Melissa                                            Coleman
Vanessa                                            Coleman
Alyssa                                             Cook
Jesse                                              Cook
Jessica                                            Cook
Melissa                                            Cook
Alyssa                                             Cooper
Jessica                                            Cooper
Melissa                                            Cooper
Alyssa                                             Cox
Jesse                                              Cox
Jessica                                            Cox
Melissa                                            Cox
Alyssa                                             Davis
Jessica                                            Davis
Cassie                                             Deng
Russell                                            Deng
Alyssa                                             Diaz
Cassidy                                            Diaz
Jessica                                            Diaz
Marissa                                            Diaz
Melissa                                            Diaz
Ross                                               Diaz
Vanessa                                            Diaz
Jessie                                             Dominguez
Jesse                                              Edwards
Jesse                                              Evans
Cassandra                                          Fernandez
Ross                                               Fernandez
Alyssa                                             Flores
Cassidy                                            Flores
Jessica                                            Flores
Marissa                                            Flores
Melissa                                            Flores
Vanessa                                            Flores
Alyssa                                             Foster
Cassidy                                            Foster
Jessica                                            Foster
Marissa                                            Foster
Melissa                                            Foster
Vanessa                                            Foster
Jessie                                             Gao
Alyssa                                             Garcia
Cassandra                                          Garcia
Jessica                                            Garcia
Ross                                               Gill
Cassie                                             Goel
Russell                                            Goel
Jossef                                             Goldberg
Jossef                                             Goldberg
Alyssa                                             Gonzales
Cassidy                                            Gonzales
Jessica                                            Gonzales
Marissa                                            Gonzales
Melissa                                            Gonzales
Vanessa                                            Gonzales
Cassandra                                          Gonzalez
Jesse                                              Gonzalez
Alyssa                                             Gray
Jesse                                              Gray
Jessica                                            Gray
Melissa                                            Gray
Jesse                                              Green
Cassidy                                            Griffin
Jessica                                            Griffin
Marissa                                            Griffin
Melissa                                            Griffin
Vanessa                                            Griffin
Jessie                                             Guo
Jessie                                             Gutierrez
Ross                                               Gutierrez
Alyssa                                             Hall
Jesse                                              Hall
Jessica                                            Hall
Alyssa                                             Harris
Jessica                                            Harris
Cassidy                                            Hayes
Marissa                                            Hayes
Melissa                                            Hayes
Vanessa                                            Hayes
Jessie                                             He
Alyssa                                             Henderson
Cassidy                                            Henderson
Jessica                                            Henderson
Marissa                                            Henderson
Vanessa                                            Henderson
Jesse                                              Hernandez
Jessie                                             Hernandez
Ross                                               Hernandez
Alyssa                                             Howard
Jesse                                              Howard
Jessica                                            Howard
Melissa                                            Howard
Jessie                                             Hu
Jessie                                             Huang
Alyssa                                             Hughes
Cassidy                                            Hughes
Jessica                                            Hughes
Marissa                                            Hughes
Melissa                                            Hughes
Vanessa                                            Hughes
Russell                                            Hunter
Alyssa                                             Jackson
Jessica                                            Jackson
Cassie                                             Jai
Russell                                            Jai
Alyssa                                             James
Jesse                                              James
Jessica                                            James
Alyssa                                             Jenkins
Cassidy                                            Jenkins
Jessica                                            Jenkins
Melissa                                            Jenkins
Vanessa                                            Jenkins
Jessie                                             Jimenez
Ross                                               Johnsen
Alyssa                                             Johnson
Jessica                                            Johnson
Alyssa                                             Jones
Jessica                                            Jones
Ross                                               Jordan
Cassandra                                          Kapoor
Alyssa                                             Kelly
Jesse                                              Kelly
Jessica                                            Kelly
Melissa                                            Kelly
Cassie                                             Kennedy
Jesse                                              King
Russell                                            King
Russell                                            King
Cassie                                             Lal
Russell                                            Lal
Alyssa                                             Lee
Jessica                                            Lee
Alyssa                                             Lewis
Jessica                                            Lewis
Jessie                                             Liang
Jessie                                             Liu
Cassidy                                            Long
Jessica                                            Long
Marissa                                            Long
Melissa                                            Long
Vanessa                                            Long
Cassandra                                          Lopez
Jesse                                              Lopez
Ross                                               Lopez
Cassie                                             Luo
Russell                                            Luo
Jessie                                             Ma
Cassandra                                          Madan
Ross                                               Madan
Cassandra                                          Malhotra
Ross                                               Malhotra
Melissa                                            Marple
Alyssa                                             Martin
Jessica                                            Martin
Ross                                               Martin
Alyssa                                             Martinez
Cassandra                                          Martinez
Jessica                                            Martinez
Ross                                               Martinez
Cassandra                                          Mehta
Ross                                               Mehta
Alyssa                                             Miller
Jessica                                            Miller
Jesse                                              Mitchell
Alyssa                                             Moore
Jessica                                            Moore
Jessie                                             Moreno
Alyssa                                             Morgan
Jesse                                              Morgan
Jessica                                            Morgan
Melissa                                            Morgan
Alyssa                                             Morris
Jesse                                              Morris
Jessica                                            Morris
Melissa                                            Morris
Jessie                                             Munoz
Ross                                               Munoz
Alyssa                                             Murphy
Jesse                                              Murphy
Jessica                                            Murphy
Melissa                                            Murphy
Cassie                                             Nara
Russell                                            Nara
Cassie                                             Nath
Russell                                            Nath
Jessie                                             Navarro
Ross                                               Navarro
Jesse                                              Nelson
Jessie                                             Ortega
Jesse                                              Parker
Cassandra                                          Patel
Ross                                               Patel
Alyssa                                             Patterson
Cassidy                                            Patterson
Jessica                                            Patterson
Melissa                                            Patterson
Vanessa                                            Patterson
Cassandra                                          Perez
Jesse                                              Perez
Ross                                               Perez
Alyssa                                             Perry
Cassidy                                            Perry
Jessica                                            Perry
Marissa                                            Perry
Melissa                                            Perry
Vanessa                                            Perry
Jesse                                              Peterson
Jessica                                            Peterson
Melissa                                            Peterson
Jesse                                              Phillips
Alyssa                                             Powell
Cassidy                                            Powell
Jessica                                            Powell
Marissa                                            Powell
Melissa                                            Powell
Vanessa                                            Powell
Cassandra                                          Prasad
Ross                                               Prasad
Alyssa                                             Price
Cassidy                                            Price
Marissa                                            Price
Melissa                                            Price
Vanessa                                            Price
Cassie                                             Rai
Russell                                            Rai
Cassie                                             Raje
Russell                                            Raje
Cassie                                             Raji
Russell                                            Raji
Cassandra                                          Raman
Ross                                               Raman
Alyssa                                             Ramirez
Jesse                                              Ramirez
Jessica                                            Ramirez
Melissa                                            Ramirez
Jessie                                             Ramos
Ross                                               Ramos
Cassandra                                          Rana
Ross                                               Rana
Alyssa                                             Reed
Jesse                                              Reed
Jessica                                            Reed
Russell                                            Reed
Alyssa                                             Richardson
Jesse                                              Richardson
Jessica                                            Richardson
Melissa                                            Richardson
Alyssa                                             Rivera
Jesse                                              Rivera
Jessica                                            Rivera
Melissa                                            Rivera
Jesse                                              Roberts
Alyssa                                             Robinson
Jessica                                            Robinson
Alyssa                                             Rodriguez
Jessica                                            Rodriguez
Ross                                               Rodriguez
Alyssa                                             Rogers
Jesse                                              Rogers
Jessica                                            Rogers
Melissa                                            Rogers
Jessie                                             Romero
Alyssa                                             Ross
Cassidy                                            Ross
Jessica                                            Ross
Marissa                                            Ross
Vanessa                                            Ross
Jessie                                             Rubio
Ross                                               Rubio
Ross                                               Ruiz
Alyssa                                             Russell
Cassidy                                            Russell
Jessica                                            Russell
Melissa                                            Russell
Vanessa                                            Russell
Cassandra                                          Sai
Ross                                               Sai
Alyssa                                             Sanchez
Cassandra                                          Sanchez
Jesse                                              Sanchez
Jessica                                            Sanchez
Melissa                                            Sanchez
Ross                                               Sanchez
Alyssa                                             Sanders
Jesse                                              Sanders
Jessica                                            Sanders
Melissa                                            Sanders
Jessie                                             Sanz
Ross                                               Sanz
Cassandra                                          Sara
Ross                                               Sara
Jesse                                              Scott
Jessie                                             Serrano
Ross                                               Serrano
Cassie                                             Shan
Russell                                            Shan
Cassie                                             Sharma
Russell                                            Sharma
Cassie                                             She
Jessie                                             She
Russell                                            She
Russell                                            Shen
Cassidy                                            Simmons
Jessica                                            Simmons
Marissa                                            Simmons
Melissa                                            Simmons
Vanessa                                            Simmons
Alyssa                                             Smith
Jessica                                            Smith
Cassandra                                          Srini
Ross                                               Srini
Vassar                                             Stern
Alyssa                                             Stewart
Jesse                                              Stewart
Jessica                                            Stewart
Melissa                                            Stewart
Jessie                                             Suarez
Ross                                               Suarez
Cassandra                                          Subram
Ross                                               Subram
Cassandra                                          Suri
Ross                                               Suri
Cassie                                             Sutton
Russell                                            Tang
Alyssa                                             Taylor
Jessica                                            Taylor
Vanessa                                            Tench
Alyssa                                             Thomas
Jessica                                            Thomas
Alyssa                                             Thompson
Jessica                                            Thompson
Rossane                                            Thoreson
Jesse                                              Torres
Jessica                                            Torres
Ross                                               Torres
Jessie                                             Travers
Jesse                                              Turner
Jessie                                             Valerio
Cassandra                                          Van
Ross                                               Vance
Jessie                                             Vazquez
Ross                                               Vazquez
Jessica                                            Walker
Jessie                                             Wang
Alyssa                                             Ward
Jesse                                              Ward
Jessica                                            Ward
Melissa                                            Ward
Cassidy                                            Washington
Marissa                                            Washington
Melissa                                            Washington
Vanessa                                            Washington
Alyssa                                             Watson
Jesse                                              Watson
Jessica                                            Watson
Alyssa                                             West
Alyssa                                             White
Jessica                                            White
Jessica                                            Williams
Alyssa                                             Wilson
Jessica                                            Wilson
Alyssa                                             Wood
Cassidy                                            Wood
Jessica                                            Wood
Marissa                                            Wood
Melissa                                            Wood
Vanessa                                            Wood
Jesse                                              Wright
Jessie                                             Wu
Russell                                            Xie
Cassie                                             Xu
Jessie                                             Xu
Russell                                            Xu
Jessie                                             Yang
Jessie                                             Ye
Jesse                                              Young
Cassie                                             Yuan
Jessie                                             Zeng
Jessie                                             Zhao
Jessie                                             Zheng
Jessie                                             Zhou
Jessie                                             Zhu

(458 rows affected)


Completion time: 2021-07-12T16:42:41.9300694+05:30
