FirstName                                          LastName                                           OrganizationLevel
-------------------------------------------------- -------------------------------------------------- -----------------
Reinout                                            Hillmann                                           4
Annette                                            Hill                                               4
Ben                                                Miller                                             4
Erin                                               Hagens                                             4
Eric                                               Kurjan                                             4
Frank                                              Pellow                                             4
Gordon                                             Hee                                                4
Fukiko                                             Ogisu                                              4
Linda                                              Meisner                                            4
Arvind                                             Rao                                                4
Mikael                                             Sandberg                                           4
Pat                                                Coleman                                            4
Jo                                                 Berry                                              4
Stuart                                             Macrae                                             4
Lori                                               Penor                                              4
Chris                                              Norred                                             4
Karen                                              Berge                                              4
Sean                                               Chai                                               4
Tengiz                                             Kharatishvili                                      4
Sean                                               Alexander                                          4
Mark                                               Harrington                                         4
Andreas                                            Berglund                                           4
Sootha                                             Charncherngkha                                     4
Belinda                                            Newman                                             4
Kathie                                             Flood                                              4
Scott                                              Gode                                               4
Greg                                               Alderson                                           4
Stuart                                             Munson                                             4
Gabe                                               Mares                                              4
Ken                                                Myer                                               4
Tawana                                             Nusbaum                                            4
Brian                                              Lloyd                                              4
Frank                                              Lee                                                4
Paula                                              Nartker                                            4
Lorraine                                           Nay                                                4
Rajesh                                             Patel                                              4
Shammi                                             Mohamed                                            4
Kevin                                              Liu                                                4
Fred                                               Northup                                            4
Alejandro                                          McGuel                                             4
Lionel                                             Penuchot                                           4
Robert                                             Rounthwaite                                        4
Janeth                                             Esteves                                            4
Douglas                                            Hite                                               4
Yvonne                                             McKay                                              4
Stefen                                             Hesse                                              4
John                                               Chen                                               4
Barbara                                            Decker                                             4
Nitin                                              Mirchandani                                        4
Michael                                            Hines                                              4
Jan                                                Miksovsky                                          4
John                                               Frum                                               4
Russell                                            King                                               4
David                                              Lawrence                                           4
Reed                                               Koch                                               4
Benjamin                                           Martin                                             4
Eugene                                             Zabokritski                                        4
Marc                                               Ingle                                              4
David                                              Yalovsky                                           4
George                                             Li                                                 4
Susan                                              Metters                                            4
Garrett                                            Young                                              4
David                                              Johnson                                            4
Chris                                              Preston                                            4
Andrew                                             Cencini                                            4
Alex                                               Nayberg                                            4
Laura                                              Steele                                             4
Kirk                                               Koenigsbauer                                       4
Terrence                                           Earls                                              4
Shelley                                            Dyck                                               4
Linda                                              Randall                                            4
Lane                                               Sacksteder                                         4
Fadi                                               Fakhouri                                           4
Raymond                                            Sam                                                4
Hanying                                            Feng                                               4
Rostislav                                          Shabalin                                           4
Michael                                            Vanderhyde                                         4
Andy                                               Ruth                                               4
Jason                                              Watters                                            4
Sandra                                             Reátegui Alayo                                     4
Jian Shuo                                          Wang                                               4
Paul                                               Singh                                              4
Krishna                                            Sunkammurali                                       4
Olinda                                             Turner                                             4
Min                                                Su                                                 4
Prasanna                                           Samarawickrama                                     4
Hung-Fu                                            Ting                                               4
Samantha                                           Smith                                              4
Anibal                                             Sousa                                              4
Sylvester                                          Valdez                                             4
Ivo                                                Salmre                                             4
Michael                                            Rothkugel                                          4
Nicole                                             Holliday                                           4
Baris                                              Cetinok                                            4
Rob                                                Caron                                              4
Gary                                               Yukish                                             4
Paul                                               Komosinski                                         4
Jimmy                                              Bischoff                                           4
Matthias                                           Berndt                                             4
Kim                                                Ralls                                              4
Vamsi                                              Kuppa                                              4
Susan                                              Eaton                                              4
Kitti                                              Lertpiriyasuwat                                    4
Michael                                            Entin                                              4
Don                                                Hall                                               4
Chad                                               Niswonger                                          4
Michael                                            Patten                                             4
Angela                                             Barbariol                                          4
Mindaugas                                          Krapauskas                                         4
Linda                                              Moschell                                           4
John                                               Evans                                              4
Suroor                                             Fatima                                             4
Jun                                                Cao                                                4
Alice                                              Ciccu                                              4
Christopher                                        Hill                                               4
John                                               Kane                                               4
Kevin                                              Homer                                              4
Mary                                               Baker                                              4
Ebru                                               Ersan                                              4
Houman                                             Pournasseh                                         4
Lolan                                              Song                                               4
Nuan                                               Yu                                                 4
Sameer                                             Tejani                                             4
Mandar                                             Samant                                             4
Elizabeth                                          Keyser                                             4
Jim                                                Scardelis                                          4
Russell                                            Hunter                                             4
Tom                                                Vande Velde                                        4
Kimberly                                           Zimmerman                                          4
Danielle                                           Tiedt                                              4
Patrick                                            Wedge                                              4
Betsy                                              Stadick                                            4
Ryan                                               Cornelsen                                          4
Brian                                              Goldstein                                          4
Frank                                              Martinez                                           4
Patrick                                            Cook                                               4
Jack                                               Creasey                                            4
Mihail                                             Frintu                                             4
Sandeep                                            Kaliyath                                           4
Eric                                               Brown                                              4
Merav                                              Netz                                               4
Carol                                              Philips                                            4
Michiko                                            Osada                                              4
Bjorn                                              Rettig                                             4
Carole                                             Poland                                             4
Steven                                             Selikoff                                           4
David                                              Ortiz                                              4
Steve                                              Masters                                            4
Charles                                            Fitzgerald                                         4
Jay                                                Adams                                              4
Karan                                              Khanna                                             4
Randy                                              Reeves                                             4
Michael                                            Zwilling                                           4
Maciej                                             Dusza                                              4
Diane                                              Tibbott                                            4
Pete                                               Male                                               4
Bob                                                Hohman                                             4
Kendall                                            Keil                                               4
Frank                                              Miller                                             4
Denise                                             Smith                                              4
Bonnie                                             Kearney                                            4
Diane                                              Glimp                                              4
Doris                                              Hartwig                                            4
Jeffrey                                            Ford                                               4
Sidney                                             Higa                                               4
Barry                                              Johnson                                            4
Ruth                                               Ellerbrock                                         4
Eugene                                             Kogan                                              4
Thomas                                             Michaels                                           4
Simon                                              Rapier                                             4
Nancy                                              Anderson                                           4
James                                              Kramer                                             4
Bryan                                              Baker                                              4
Ed                                                 Dudenhoefer                                        4
Kim                                                Abercrombie                                        4
Chris                                              Okelberry                                          4
Jose                                               Lugo                                               4
Brandon                                            Heidepriem                                         4
Suchitra                                           Mohan                                              4
Annik                                              Stahl                                              4
Rebecca                                            Laszlo                                             4
Margie                                             Shoop                                              4
Britta                                             Simon                                              4
Mark                                               McArthur                                           4
Guy                                                Gilbert                                            4
Janice                                             Galvin                                             4
Thierry                                            D'Hers                                             4
Michael                                            Raheem                                             4
Gigi                                               Matthew                                            4
Diane                                              Margheim                                           4
Ranjit                                             Varkey Chudukatil                                  3
Jae                                                Pak                                                3
Rachel                                             Valdez                                             3
Lynn                                               Tsoflias                                           3
Tete                                               Mensa-Annan                                        3
David                                              Campbell                                           3
José                                               Saraiva                                            3
Shu                                                Ito                                                3
Pamela                                             Ansman-Wolfe                                       3
Tsvi                                               Reiter                                             3
Garrett                                            Vargas                                             3
Jillian                                            Carson                                             3
Linda                                              Mitchell                                           3
Michael                                            Blythe                                             3
Peter                                              Connelly                                           3
Ashvini                                            Sharma                                             3
Sheela                                             Word                                               3
Mike                                               Seamans                                            3
Janet                                              Sheperdigian                                       3
Dragan                                             Tomic                                              3
Barbara                                            Moreland                                           3
Bryan                                              Walton                                             3
Candy                                              Spoon                                              3
Deborah                                            Poe                                                3
Willis                                             Johnson                                            3
Mindy                                              Martin                                             3
Vidur                                              Luthra                                             3
Hao                                                Chen                                               3
Grant                                              Culbertson                                         3
Magnus                                             Hedlund                                            3
Christian                                          Kleinerman                                         3
Brian                                              LaMee                                              3
Alan                                               Brewer                                             3
William                                            Vong                                               3
Sairaj                                             Uddin                                              3
Zainal                                             Arifin                                             3
Peng                                               Wu                                                 3
Lori                                               Kane                                               3
Brenda                                             Diaz                                               3
Shane                                              Kim                                                3
Katie                                              McAskill-White                                     3
Jack                                               Richins                                            3
Jeff                                               Hay                                                3
Yuhong                                             Li                                                 3
Cynthia                                            Randall                                            3
Eric                                               Gubbels                                            3
David                                              Hamilton                                           3
Pilar                                              Ackerman                                           3
Jinghao                                            Liu                                                3
Zheng                                              Mu                                                 3
Kok-Ho                                             Loh                                                3
Cristian                                           Petculescu                                         3
Reuben                                             D'sa                                               3
Michael                                            Ray                                                3
John                                               Campbell                                           3
Taylor                                             Maxwell                                            3
Andrew                                             Hill                                               3
JoLynn                                             Dobney                                             3
Jo                                                 Brown                                              3
Sharon                                             Salavaria                                          3
Michael                                            Sullivan                                           3
Ovidiu                                             Cracium                                            3
Dylan                                              Miller                                             3
Jossef                                             Goldberg                                           3
Gail                                               Erickson                                           3
Rob                                                Walters                                            3
Amy                                                Alberts                                            2
Syed                                               Abbas                                              2
Stephen                                            Jiang                                              2
Janaina                                            Bueno                                              2
Dan                                                Wilson                                             2
François                                           Ajenstat                                           2
Dan                                                Bacon                                              2
Ramesh                                             Meyyappan                                          2
Karen                                              Berg                                               2
Stephanie                                          Conroy                                             2
David                                              Barber                                             2
Wendy                                              Kahn                                               2
David                                              Liu                                                2
Paula                                              Barreto de Mattos                                  2
Gary                                               Altman                                             2
A. Scott                                           Wright                                             2
Hazem                                              Abolrous                                           2
Peter                                              Krebs                                              2
Jill                                               Williams                                           2
Mary                                               Gibson                                             2
Sariya                                             Harnpadoungsataya                                  2
Terry                                              Eminhizer                                          2
Wanida                                             Benshoof                                           2
Mary                                               Dempsey                                            2
John                                               Wood                                               2
Kevin                                              Brown                                              2
Roberto                                            Tamburello                                         2
Brian                                              Welcker                                            1
Jean                                               Trenary                                            1
Laura                                              Norman                                             1
James                                              Hamilton                                           1
David                                              Bradley                                            1
Terri                                              Duffy                                              1
Ken                                                Sánchez                                            0

(290 rows affected)


Completion time: 2021-07-14T09:45:07.3483061+05:30
