FirstName
--------------------------------------------------
Syed

(1 row affected)

FirstName
--------------------------------------------------
Syed

(1 row affected)

FirstName
--------------------------------------------------
Syed

(1 row affected)

FirstName
--------------------------------------------------
Syed

(1 row affected)

FirstName
--------------------------------------------------
Syed

(1 row affected)

FirstName
--------------------------------------------------
Syed

(1 row affected)

FirstName
--------------------------------------------------
Syed

(1 row affected)

FirstName
--------------------------------------------------
Syed

(1 row affected)

FirstName
--------------------------------------------------
Syed

(1 row affected)

FirstName
--------------------------------------------------
Syed

(1 row affected)

FirstName
--------------------------------------------------
Syed

(1 row affected)

FirstName
--------------------------------------------------
Syed

(1 row affected)

FirstName
--------------------------------------------------
Syed

(1 row affected)

FirstName
--------------------------------------------------
Syed

(1 row affected)

FirstName
--------------------------------------------------
Syed

(1 row affected)

FirstName
--------------------------------------------------
Syed

(1 row affected)

FirstName
--------------------------------------------------
Syed

(1 row affected)

FirstName
--------------------------------------------------
Syed

(1 row affected)

FirstName
--------------------------------------------------
Syed

(1 row affected)

FirstName
--------------------------------------------------
Syed

(1 row affected)

FirstName
--------------------------------------------------
Syed

(1 row affected)

FirstName
--------------------------------------------------
Syed

(1 row affected)

FirstName
--------------------------------------------------
Syed

(1 row affected)

FirstName
--------------------------------------------------
Syed

(1 row affected)

FirstName
--------------------------------------------------
Syed

(1 row affected)

FirstName
--------------------------------------------------
Syed

(1 row affected)

FirstName
--------------------------------------------------
Syed

(1 row affected)

FirstName
--------------------------------------------------
Syed

(1 row affected)

FirstName
--------------------------------------------------
Syed

(1 row affected)

FirstName
--------------------------------------------------
Syed

(1 row affected)

FirstName
--------------------------------------------------
Syed

(1 row affected)

FirstName
--------------------------------------------------
Syed

(1 row affected)

Msg 217, Level 16, State 1, Procedure DBO.provideName, Line 16 [Batch Start Line 17]
Maximum stored procedure, function, trigger, or view nesting level exceeded (limit 32).

Completion time: 2021-07-14T14:40:25.0550268+05:30
